M4-C00: PLE semantics freeze passed
test_m4_session: n-gram history boundaries and EOS reset passed
printf '%s\n' '{"gate":"M4-C01","history":"two-token session history","eos_reset":true,"chunk_boundary":true,"status":"pass"}' > artifacts/m4/session_history.json
test_m4_ple_ref: verified scalar hash/index and history invariance
printf '%s\n' '{"gate":"M4-C02","oracle":"scalar uint64 XOR/multiply modulo indexing","heads":16,"orders":["bigram","trigram"],"status":"pass"}' > artifacts/m4/ple_ref.json
test_m4_ple_store: strict table geometry and row addressing passed
printf '%s\n' '{"gate":"M4-C03","table":"dedicated PLE descriptor","row_width":2560,"strict_geometry":true,"status":"pass"}' > artifacts/m4/ple_store.json
test_m4_ple_row: Q2_K/Q4_K scalar row decode and validation passed
printf '%s\n' '{"gate":"M4-C04","decoder":"scalar PLE row","qtypes":["Q2_K","Q4_K"],"row_width":2560,"status":"pass"}' > artifacts/m4/ple_row_quant_tests.json
test_m4_ple_cuda: CUDA row lookup matches scalar Q2/Q4 oracle
printf '%s\n' '{"gate":"M4-C05","lookup":"naive CUDA row decode","qtypes":["Q2_K","Q4_K"],"cache":"disabled","status":"pass"}' > artifacts/m4/ple_cuda_lookup.json
q38_forward_probe: 7 PLE ID cases match independent goldens
q38_forward_probe: legacy ID corpus intentionally contains no activation vectors; standalone checkpoint-backed injection vectors are validated by test_m4_ple_injection
test_m4_ple_injection: independent hidden/contribution/after golden passed
test_ple_chunking: 7 cases and 42 deterministic partitions passed
test_ple_chunking: row-ID/history invariance passed; activation invariance is covered by the checkpoint-backed M4-C06 injection probe
test_m4_ple_cache: bounded deterministic quantized-row cache passed
test_m4_ple_cache: cold and warm rows decode identically
test_m4_ple_cuda_batch: deduplicated CUDA lookup preserves IDs and output order
test_m4_ple_loader: GGUF shard binding and file-backed row reads passed
test_m4_ple_prefetch: disabled-by-default advisory prefetch passed
q38: fatal CUDA error during PLE row lookup execution: misaligned address
test_m4_ple_cuda_failure: CUDA lookup faults terminate child
cc -O3 -g -Wall -Wextra -std=c99 -D_GNU_SOURCE -fno-finite-math-only -I. -o tests/test_m5_tokenizer_edges tests/test_m5_tokenizer_edges.c \
	q38_tokenizer.o
test_m4_ple_injection: independent hidden/contribution/after golden passed
test_m5_tokenizer_edges: Unicode, escaping, audio markers, and special IDs passed
cc -O3 -g -Wall -Wextra -std=c99 -D_GNU_SOURCE -fno-finite-math-only -I. -o tests/test_m5_qsa_binding tests/test_m5_qsa_binding.c q38_qsa.o
test_m5_qsa_binding: strict tensor family and separate state passed
cc -O3 -g -Wall -Wextra -std=c99 -D_GNU_SOURCE -fno-finite-math-only -I. -o tests/test_m5_rope_ref tests/test_m5_rope_ref.c \
	q38_rope_ref.o -lm
test_m5_rope_ref: partial interleaved mRoPE reference passed
/usr/local/cuda/bin/nvcc -O3 -g -lineinfo --use_fast_math -gencode arch=compute_121a,code=sm_121a -I. -o tests/test_m5_qsa_cuda tests/test_m5_qsa_cuda.cu \
	q38_qsa_cuda.o q38_rope_ref.o -L/usr/local/cuda/targets/sbsa-linux/lib -L/usr/local/cuda/lib64 -lcudart -lm
test_m5_qsa_cuda: main QKV projection and RoPE match reference
cc -O3 -g -Wall -Wextra -std=c99 -D_GNU_SOURCE -fno-finite-math-only -I. -o tests/test_m5_qsa_ref tests/test_m5_qsa_ref.c \
	q38_qsa_ref.o q38_topk_ref.o -lm
test_m5_qsa_ref: block pooling, RMS normalization, ReLU scoring, tail passed
/usr/local/cuda/bin/nvcc -O3 -g -lineinfo --use_fast_math -gencode arch=compute_121a,code=sm_121a -I. -o tests/test_m5_topk tests/test_m5_topk.cu \
	q38_topk_ref.o q38_topk_cuda.o -L/usr/local/cuda/targets/sbsa-linux/lib -L/usr/local/cuda/lib64 -lcudart -lm
test_m5_topk: deterministic scalar/CUDA top-k passed
/usr/local/cuda/bin/nvcc -O3 -g -lineinfo --use_fast_math -gencode arch=compute_121a,code=sm_121a -I. -o tests/test_m5_qsa_index_cuda tests/test_m5_qsa_index_cuda.cu \
	q38_qsa_cuda.o q38_qsa_ref.o q38_topk_ref.o -L/usr/local/cuda/targets/sbsa-linux/lib -L/usr/local/cuda/lib64 -lcudart -lm
test_m5_qsa_index_cuda: naive CUDA indexer matches scalar
cc -O3 -g -Wall -Wextra -std=c99 -D_GNU_SOURCE -fno-finite-math-only -I. -o tests/test_m5_qsa_tail tests/test_m5_qsa_tail.c \
	q38_qsa_ref.o q38_topk_ref.o -lm
test_m5_qsa_tail: causal incomplete-block width matrix passed
/usr/local/cuda/bin/nvcc -O3 -g -lineinfo --use_fast_math -gencode arch=compute_121a,code=sm_121a -I. -o tests/test_m5_qsa_attention tests/test_m5_qsa_attention.cu \
	q38_qsa_cuda.o -L/usr/local/cuda/targets/sbsa-linux/lib -L/usr/local/cuda/lib64 -lcudart -lm
test_m5_qsa_attention: selected gather and dense attention passed
cc -O3 -g -Wall -Wextra -std=c99 -D_GNU_SOURCE -fno-finite-math-only -I. -o tests/test_m5_qsa_state tests/test_m5_qsa_state.c q38_qsa.o
test_m5_qsa_state: independent KV/index growth and reset passed
cc -O3 -g -Wall -Wextra -std=c99 -D_GNU_SOURCE -fno-finite-math-only -I. -o tests/test_m5_qsa_chunking tests/test_m5_qsa_chunking.c \
	q38_qsa.o q38_qsa_ref.o q38_topk_ref.o -lm
test_m5_qsa_chunking: state, scores, and selected IDs are chunk invariant
cc -O3 -g -Wall -Wextra -std=c99 -D_GNU_SOURCE -fno-finite-math-only -I. -o tests/test_m5_integrated_forward tests/test_m5_integrated_forward.c \
	q38_ple_ref.o q38_forward.o q38_qsa.o q38_gguf.o q38_moe.o \
	q38_weights.o q38_model_config.o q38_ple.o q38_state.o \
	q38_session.o q38_quant.o q38_gdn_ref.o q38_gr_ref.o -lm
test_m5_integrated_forward: layer-stage PLE then QSA ordering passed
python3 tools/generate_m5_c12_goldens.py --model-dir /home/lvx/q38model \
	--output artifacts/m5/qsa_forward_goldens.json --fixture artifacts/m5/qsa_forward_fixture.bin
cc -O3 -g -Wall -Wextra -std=c99 -D_GNU_SOURCE -fno-finite-math-only -I. -o tests/test_forward_ref tests/test_forward_ref.c \
	q38_forward.o q38_qsa.o q38_gguf.o q38_moe.o q38_weights.o \
	q38_model_config.o q38_ple.o q38_state.o q38_session.o q38_quant.o \
	q38_ple_ref.o q38_gdn_ref.o q38_gr_ref.o -lm
cc -O3 -g -Wall -Wextra -std=c99 -D_GNU_SOURCE -fno-finite-math-only -I. -o tests/test_m5_forward_probe tests/test_m5_forward_probe.c \
	q38_forward.o q38_qsa.o q38_gguf.o q38_moe.o q38_weights.o \
	q38_model_config.o q38_ple.o q38_state.o q38_session.o q38_quant.o \
	q38_ple_ref.o q38_gdn_ref.o q38_gr_ref.o -lm
test_forward_ref: file-backed-compatible QSA forward/decode graph passed
native/reference mismatch at 2560: -0.0039879242 -0.0011472413
make: *** [Makefile:643: m5-c12] Errore 1
